{"ts":1775489928344,"action":"PROJECT_OPENED","tags":{"PROJECT_NAME":"src"}}
{"ts":1775489936080,"action":"FILE_OPENED","file":"/main/java/com/anomalydetect/Application.java","tags":{"FILE_LINE_OF_CODE":"13"}}
{"ts":1775489950574,"action":"IDE_DEACTIVATED"}
{"ts":1775490080983,"action":"IDE_ACTIVATED"}
{"ts":1775490099684,"action":"FILE_CLOSED","file":"/main/java/com/anomalydetect/Application.java","tags":{"FILE_LINE_OF_CODE":"13"}}
{"ts":1775490099739,"action":"FILE_OPENED","file":"/main/java/com/anomalydetect/model/Anomaly.java","tags":{"FILE_LINE_OF_CODE":"147"}}
{"ts":1775490100427,"action":"FILE_CLOSED","file":"/main/java/com/anomalydetect/model/Anomaly.java","tags":{"FILE_LINE_OF_CODE":"147"}}
{"ts":1775490100466,"action":"FILE_OPENED","file":"/main/java/com/anomalydetect/config/AnomalyProperties.java","tags":{"FILE_LINE_OF_CODE":"215"}}
{"ts":1775490128947,"action":"IDE_DEACTIVATED"}
{"ts":1775490210204,"action":"IDE_ACTIVATED"}
{"ts":1775490234579,"action":"IDE_DEACTIVATED"}
{"ts":1775490281384,"action":"IDE_ACTIVATED"}
{"ts":1775490286012,"action":"IDE_DEACTIVATED"}
{"ts":1775490338107,"action":"IDE_ACTIVATED"}
{"ts":1775490353226,"action":"IDE_DEACTIVATED"}
{"ts":1775490367648,"action":"IDE_ACTIVATED"}
{"ts":1775490371614,"action":"IDE_DEACTIVATED"}
{"ts":1775490393914,"action":"IDE_ACTIVATED"}
{"ts":1775490397525,"action":"IDE_DEACTIVATED"}
{"ts":1775490422065,"action":"IDE_ACTIVATED"}
{"ts":1775490478789,"action":"IDE_DEACTIVATED"}
{"ts":1775490484912,"action":"IDE_ACTIVATED"}
{"ts":1775490502096,"action":"IDE_DEACTIVATED"}
{"ts":1775490504414,"action":"IDE_ACTIVATED"}
{"ts":1775490508007,"action":"FILE_CLOSED","file":"/main/java/com/anomalydetect/config/AnomalyProperties.java","tags":{"FILE_LINE_OF_CODE":"215"}}
{"ts":1775490517249,"action":"FILE_OPENED","file":"/main/java/com/anomalydetect/config/AnomalyProperties.java","tags":{"FILE_LINE_OF_CODE":"215"}}
{"ts":1775490542874,"action":"IDE_DEACTIVATED"}
{"ts":1775490557757,"action":"IDE_ACTIVATED"}
{"ts":1775490623267,"action":"IDE_DEACTIVATED"}
{"ts":1775490648040,"action":"IDE_ACTIVATED"}
{"ts":1775490666606,"action":"IDE_DEACTIVATED"}
{"ts":1775490686166,"action":"IDE_ACTIVATED"}
{"ts":1775490707489,"action":"IDE_DEACTIVATED"}
{"ts":1775490721514,"action":"IDE_ACTIVATED"}
{"ts":1775490939313,"action":"IDE_DEACTIVATED"}
{"ts":1775490942175,"action":"IDE_ACTIVATED"}
{"ts":1775490945674,"action":"IDE_DEACTIVATED"}
{"ts":1775490948714,"action":"IDE_ACTIVATED"}
{"ts":1775490979089,"action":"IDE_DEACTIVATED"}
{"ts":1775490983586,"action":"IDE_ACTIVATED"}
{"ts":1775490989594,"action":"IDE_DEACTIVATED"}
{"ts":1775490990829,"action":"IDE_ACTIVATED"}
{"ts":1775490991668,"action":"PROJECT_CLOSED","tags":{"PROJECT_NAME":"src"}}
